[11:37:30.142] === pyvideotrans Studio 启动 ===
[11:37:30.142] 系统: linux
[11:37:30.142] Python: 3.11.15
[11:37:30.142] 操作: 启动程序
[11:37:36.268] 操作: 导入素材
[11:37:53.128] 操作: 分离音视频 — 乌.mp4
[11:38:01.539] 操作: 播放/暂停
[11:38:08.787] 操作: 播放/暂停
[11:38:16.067] 操作: 播放速度: ×5.0(×5)
[11:38:20.966] 操作: 播放速度: 正常(×1)
[11:38:24.288] 操作: 播放/暂停
[11:38:27.731] 操作: 分割素材
[11:38:31.739] 操作: 播放/暂停
[11:39:29.123] 操作: 导入素材
[11:39:40.402] 操作: 分离音视频 — 乌.mp4
[11:39:45.954] 操作: 导入素材
[11:39:55.899] 操作: 加载字幕 — /home/deepin/Videos/00000/uk.srt
[11:40:03.674] 操作: 按字幕分割素材 (1 条字幕)
[11:40:32.666] 操作: 导入素材
[11:41:12.122] 操作: 播放/暂停
[11:41:13.865] 操作: 播放/暂停
[11:41:15.770] 操作: 播放/暂停
[11:42:27.105] 操作: 播放/暂停
[11:43:49.424] === 程序退出 ===

