[12:46:50.861] === pyvideotrans Studio 启动 ===
[12:46:50.861] 系统: linux
[12:46:50.861] Python: 3.11.15
[12:46:50.861] 操作: 启动程序
[12:46:55.975] 操作: 导入素材
[12:47:12.846] 操作: 分离音视频 — 乌.mp4
[12:47:17.270] 操作: 播放/暂停
[12:47:22.439] 操作: 导入素材
[12:47:31.871] 操作: 加载字幕 — /home/deepin/Videos/00000/uk.srt
[12:47:33.886] 操作: 播放/暂停
[12:47:47.087] 操作: 导入素材
[12:48:11.888] 操作: 按字幕分割素材 (55 条字幕)
[12:48:14.391] 操作: 导入素材
[12:48:48.446] 操作: 播放/暂停
[12:49:08.622] 操作: 播放/暂停
[12:49:47.542] 操作: 播放/暂停
[12:50:19.885] 操作: 播放/暂停
[12:50:58.557] 操作: 播放/暂停
[12:51:20.045] 操作: 播放/暂停
[12:51:34.957] 操作: 播放/暂停
[12:52:52.444] 操作: 播放/暂停
[12:53:09.244] 操作: 播放/暂停
[12:54:01.916] 操作: 播放/暂停
[12:55:30.147] 操作: 播放/暂停
[12:55:38.843] 操作: 播放/暂停
[12:55:44.787] 操作: 播放/暂停
[12:57:49.609] === 程序退出 ===

