[23:02:43.852] === pyvideotrans Studio 启动 ===
[23:02:43.852] 系统: linux
[23:02:43.852] Python: 3.11.15
[23:02:43.852] 操作: 启动程序
[23:03:02.793] 操作: 导入素材
[23:03:47.588] 操作: 播放/暂停
[23:29:09.825] 操作: 导入素材
[23:29:48.481] 操作: 导入素材
[23:30:19.033] 操作: 加载字幕 — /home/deepin/Videos/001/en.srt
[23:31:20.000] 操作: 删除字幕
[23:31:22.408] 操作: 删除字幕
[23:31:24.144] 操作: 删除字幕
[23:31:29.512] 操作: 删除字幕
[23:31:31.416] 操作: 删除字幕
[23:31:33.224] 操作: 删除字幕
[23:31:34.984] 操作: 删除字幕
[23:31:36.536] 操作: 删除字幕
[23:31:38.216] 操作: 删除字幕
[23:31:39.736] 操作: 删除字幕
[23:31:41.304] 操作: 删除字幕
[23:31:42.976] 操作: 删除字幕
[23:33:28.447] 操作: 加载字幕 — /home/deepin/Videos/001/en.srt
[23:36:47.973] === 程序退出 ===

